// Jest Snapshot v1, https://goo.gl/fbAQLP

exports[`PostsPreview renders correctly 1`] = `
.emotion-0 {
  max-width: var(--content-width);
  margin: 0 auto var(--gap);
}

.emotion-0 button {
  font-weight: 600;
}

.emotion-1 {
  color: var(--c-special);
  display: block;
}

<div>
  <section
    class="emotion-0"
    style="opacity: 0;"
  >
    <a
      href="/test"
    >
      <h4>
        test
      </h4>
      <time
        class="small emotion-1"
      >
        Published on 
        2020-01-01
      </time>
      <br />
      <p
        class="small"
      >
        summary_test
      </p>
      <button>
        Read more 
        GoNext
      </button>
    </a>
  </section>
</div>
`;
