// Jest Snapshot v1, https://goo.gl/fbAQLP

exports[`About renders correctly 1`] = `
.emotion-0 {
  margin-bottom: var(--gap-unit);
}

.emotion-0 .section-label {
  font-weight: 800;
  position: relative;
}

.emotion-0 .section-subtitle {
  font-size: 0.8rem;
  margin-bottom: var(--gap-unit-s);
}

.emotion-0 .section-subtitle 500 {
  font-size: 1rem;
}

<div>
  <div
    css="You have tried to stringify object returned from \`css\` function. It isn't supposed to be used directly (e.g. as value of the \`className\` prop), but rather handed to emotion so it can handle it (e.g. as value of \`css\` prop)."
    id="about"
  >
    <div
      class="emotion-0"
    >
      <h2
        class="section-label"
      >
        a bit about me 
        RobotMe
      </h2>
      <p
        class="section-subtitle"
      >
        and how I ended up being a Software Engineer
      </p>
    </div>
    <p
      class="section-content"
    >
      Hi there! First of all, thank you for being here! My name is Julio and originally I am from Granada, Spain. I came to KrakÃ³w some years ago, where I have lived and worked happily since.
      <br />
      <br />
      A couple of words about my professional life: I started my way into IT as an IT Operations Analyst working for
       
      <a
        class="link"
        href="https://www.hcltech.com/geo-presence/poland"
        rel="noreferrer"
        style="position: relative;"
        target="_blank"
      >
        HCL Poland
      </a>
       
      and
       
      <a
        class="link"
        href="http://kariera.sbdinc.pl/"
        rel="noreferrer"
        style="position: relative;"
        target="_blank"
      >
        Stanley Black and Decker Polska
      </a>
      . For personal reasons I moved back to KrakÃ³w where I got a job as a Cloud Engineer for
       
      <a
        class="link"
        href="https://capgemini.com"
        rel="noreferrer"
        style="position: relative;"
        target="_blank"
      >
        Capgemini Polska
      </a>
       
      on the Microsoft Team.
      <br />
      <br />
      In late 2018 I grew a love for web development. It started all of a sudden and since then, I knew that there was no turning back. I felt addicted to coding. I love it, every part of it, because it is amazingly challenging and fun.
      <br />
      <br />
      In September 2019,
       
      <a
        class="link"
        href="https://www.schibsted.pl/"
        rel="noreferrer"
        style="position: relative;"
        target="_blank"
      >
        Schibsted Tech Polska
      </a>
       
      gave me the opportunity to work a full time job as a FullStack Javascript Developer
       
      <span
        aria-label="tada"
        role="img"
      >
        ðŸŽ‰
      </span>
       
      It really has been a dream come true. And now I am lucky enough to everyday being able to work around TypeScript, React and Nodejs among other things.
    </p>
    <div
      css="You have tried to stringify object returned from \`css\` function. It isn't supposed to be used directly (e.g. as value of the \`className\` prop), but rather handed to emotion so it can handle it (e.g. as value of \`css\` prop)."
    >
      <div
        class="info-skills"
      >
        <h3>
          skills
        </h3>
        <ul
          class="skills"
        >
          <li>
            HTML / CSS / JavaScript
          </li>
          <li>
            TypeScript
          </li>
          <li>
            React
          </li>
          <li>
            Node
          </li>
          <li>
            GraphQL
          </li>
          <li>
            Jest
          </li>
          <li>
            Mongodb
          </li>
          <li>
            Amazon Web Services (AWS)
          </li>
          <li>
            Heroku
          </li>
          <li>
            Varnish Cache
          </li>
          <li>
            Datadog
          </li>
          <li>
            Terraform
          </li>
        </ul>
      </div>
      <div
        class="info-experiences"
      >
        <h3>
          relevant experience
        </h3>
        <ul
          class="experiences"
        >
          <li>
            <p>
              <strong>
                Softwate Engineer
              </strong>
               at Schibsted Tech Polska
            </p>
            <p>
              - As part of the Premium Shared Team we are responsible for delivering a platform that powers up the frontpages and articles of some of the biggest Scandinavia newspapers.
              <br />
              - We are responsible for creating tools and platforms that are easy for brand developers to create performant code. In our project we use TypeScript, React, Webpack, Node, Jest and Varnish cache. I also have the opportunity to build services using Amazon Web Services
            </p>
          </li>
          <li>
            <p>
              <strong>
                Cloud Engineer
              </strong>
               at Capgemini
            </p>
            <p>
              - As part of the Office 365 FastTrack Team I was responsible for the preparation and migration of clientsâ€™ data to the Microsoft cloud. From the onboarding process to the actual data migration and postmigration reporting.
            </p>
          </li>
        </ul>
      </div>
    </div>
  </div>
</div>
`;
